// Jest Snapshot v1, https://goo.gl/fbAQLP

exports[`TextInput component should render with default props 1`] = `
.c1 {
  height: 48px;
  padding: 12px 16px;
  color: #111111;
  background-color: #ffffff;
  border: 1px solid;
  border-color: #dedede;
  box-sizing: border-box;
  width: 100%;
}

.c0 {
  min-height: 48px;
  -webkit-box-pack: center;
  -webkit-justify-content: center;
  -ms-flex-pack: center;
  justify-content: center;
  -webkit-box-flex: 1;
  -webkit-flex-grow: 1;
  -ms-flex-positive: 1;
  flex-grow: 1;
  -webkit-flex-shrink: 1;
  -ms-flex-negative: 1;
  flex-shrink: 1;
}

<div>
  <div
    class="c0"
  >
    <input
      class="c1"
      data-testid="text-input"
    />
  </div>
</div>
`;
